> B=matrix(2:2:24,3,4)
Warning message:
In matrix(2:2:24, 3, 4) :
  data length [23] is not a sub-multiple or multiple of the number of rows [3]
> c(2:2:24)
 [1]  2  3  4  5  6  7  8  9 10 11 12 13 14 15 16 17 18 19 20 21 22 23 24
> c(2:24:2)
[1] 2
Warning message:
In 2:24:2 : numerical expression has 23 elements: only the first used
> seq(2:24)
 [1]  1  2  3  4  5  6  7  8  9 10 11 12 13 14 15 16 17 18 19 20 21 22 23
> seq(2,24,2)
 [1]  2  4  6  8 10 12 14 16 18 20 22 24
> diag(1,3,4)
     [,1] [,2] [,3] [,4]
[1,]    1    0    0    0
[2,]    0    1    0    0
[3,]    0    0    1    0
> matrix(2,4;6,8)
Error: unexpected ';' in "matrix(2,4;"> > AError: object 'A' not found> > > #矩阵运算有关：> #1.	矩阵加法交换律/结合律> A=matrix(1:12,3,4)> A     [,1] [,2] [,3] [,4][1,]    1    4    7   10[2,]    2    5    8   11[3,]    3    6    9   12> B=matrix(2:2:24,3,4)Warning message:In matrix(2:2:24, 3, 4) :  data length [23] is not a sub-multiple or multiple of the number of rows [3]> B=matrix(c(2:2:24),3,4)Warning message:In matrix(c(2:2:24), 3, 4) :  data length [23] is not a sub-multiple or multiple of the number of rows [3]> View(B)> B=matrix(seq(2,24,2),3,4)> B     [,1] [,2] [,3] [,4][1,]    2    8   14   20[2,]    4   10   16   22[3,]    6   12   18   24> A+B     [,1] [,2] [,3] [,4][1,]    3   12   21   30[2,]    6   15   24   33[3,]    9   18   27   36> B+A     [,1] [,2] [,3] [,4][1,]    3   12   21   30[2,]    6   15   24   33[3,]    9   18   27   36> C=diag(1,3,4)> C     [,1] [,2] [,3] [,4][1,]    1    0    0    0[2,]    0    1    0    0[3,]    0    0    1    0> C1=A+B> C1+C     [,1] [,2] [,3] [,4][1,]    4   12   21   30[2,]    6   16   24   33[3,]    9   18   28   36> C11=B+C> A+C11     [,1] [,2] [,3] [,4][1,]    4   12   21   30[2,]    6   16   24   33[3,]    9   18   28   36> #2.	矩阵数乘的性质> k=2> k*C1     [,1] [,2] [,3] [,4][1,]    6   24   42   60[2,]   12   30   48   66[3,]   18   36   54   72> k*A+k*B     [,1] [,2] [,3] [,4][1,]    6   24   42   60[2,]   12   30   48   66[3,]   18   36   54   72> l=4> m=k+l> m*A     [,1] [,2] [,3] [,4][1,]    6   24   42   60[2,]   12   30   48   66[3,]   18   36   54   72> k*A+l*A     [,1] [,2] [,3] [,4][1,]    6   24   42   60[2,]   12   30   48   66[3,]   18   36   54   72> 3.	矩阵乘法的性质Error: unexpected symbol in "3.      矩阵乘法的性质"> #3.	矩阵乘法的性质> (A%*%B)%*%CError in A %*% B : non-conformable arguments> D=t(B)> D     [,1] [,2] [,3][1,]    2    4    6[2,]    8   10   12[3,]   14   16   18[4,]   20   22   24> C2=diag(1,3,3)> C2     [,1] [,2] [,3][1,]    1    0    0[2,]    0    1    0[3,]    0    0    1> (A%*%D)%*%C2     [,1] [,2] [,3][1,]  332  376  420[2,]  376  428  480[3,]  420  480  540> A%*%(D%*%C2)     [,1] [,2] [,3][1,]  332  376  420[2,]  376  428  480[3,]  420  480  540> A%*%(D+t(C))     [,1] [,2] [,3][1,]  333  380  427[2,]  378  433  488[3,]  423  486  549> A%*%D+A%*%t(C)     [,1] [,2] [,3][1,]  333  380  427[2,]  378  433  488[3,]  423  486  549> #4.	对于方阵的幂运算性质> C2^k%*%C2^l     [,1] [,2] [,3][1,]    1    0    0[2,]    0    1    0[3,]    0    0    1> C2^(k+l)     [,1] [,2] [,3][1,]    1    0    0[2,]    0    1    0[3,]    0    0    1> (C2^k)^l     [,1] [,2] [,3][1,]    1    0    0[2,]    0    1    0[3,]    0    0    1> C2^(kl)Error: object 'kl' not found> C2^(k*l)     [,1] [,2] [,3][1,]    1    0    0[2,]    0    1    0[3,]    0    0    1> #5.	矩阵转置的性质> t(t(A))     [,1] [,2] [,3] [,4][1,]    1    4    7   10[2,]    2    5    8   11[3,]    3    6    9   12> A     [,1] [,2] [,3] [,4][1,]    1    4    7   10[2,]    2    5    8   11[3,]    3    6    9   12> t(A+B)     [,1] [,2] [,3][1,]    3    6    9[2,]   12   15   18[3,]   21   24   27[4,]   30   33   36> t(A)+t(B)     [,1] [,2] [,3][1,]    3    6    9[2,]   12   15   18[3,]   21   24   27[4,]   30   33   36> #6.	乘积转置的性质> t(A%*%D)     [,1] [,2] [,3][1,]  332  376  420[2,]  376  428  480[3,]  420  480  540> t(D)%*%t(A)     [,1] [,2] [,3][1,]  332  376  420[2,]  376  428  480[3,]  420  480  540> #7.	行列式的性质> det(t(A))Error in determinant.matrix(x, logarithm = TRUE, ...) :   'x' must be a square matrix> det(t(D))Error in determinant.matrix(x, logarithm = TRUE, ...) :   'x' must be a square matrix> E=matrix(2,4)
R version 4.2.2 (2022-10-31) -- "Innocent and Trusting"Copyright (C) 2022 The R Foundation for Statistical ComputingPlatform: aarch64-apple-darwin20 (64-bit)R is free software and comes with ABSOLUTELY NO WARRANTY.You are welcome to redistribute it under certain conditions.Type 'license()' or 'licence()' for distribution details.  Natural language support but running in an English localeR is a collaborative project with many contributors.Type 'contributors()' for more information and'citation()' on how to cite R or R packages in publications.Type 'demo()' for some demos, 'help()' for on-line help, or'help.start()' for an HTML browser interface to help.Type 'q()' to quit R.[Workspace loaded from ~/work1/.RData]> > R version 4.2.2 (2022-10-31) -- "Innocent and Trusting"Error: unexpected symbol in "R version"> E=matrix(1:4,2,2)> E     [,1] [,2][1,]    1    3[2,]    2    4> > R version 4.2.2 (2022-10-31) -- "Innocent and Trusting"Error: unexpected symbol in "R version"> E=matrix(seq(4),2,2)> E     [,1] [,2][1,]    1    3[2,]    2    4> det(E)[1] -2> det(t(E))[1] -2> solve(E)     [,1] [,2][1,]   -2  1.5[2,]    1 -0.5> det(solve(E))[1] -0.5> det(k*E)[1] -8> k^2*det(E)[1] -8> #8.	乘积的行列式计算性质> det(A%*%D)[1] 0> View(D)> det(A)*det(D)Error in determinant.matrix(x, logarithm = TRUE, ...) :   'x' must be a square matrix> F=metrix(c(3,4,5,6),2,2)Error in metrix(c(3, 4, 5, 6), 2, 2) : could not find function "metrix"> F=matrix(c(3,4,5,6),2,2)> F     [,1] [,2][1,]    3    5[2,]    4    6> det(E%*%F)[1] 4> det(E)*det(F)[1] 4> #9.	求逆的性质> solve(solve(E))     [,1] [,2][1,]    1    3[2,]    2    4> E     [,1] [,2][1,]    1    3[2,]    2    4> solve(k*E)     [,1]  [,2][1,] -1.0  0.75[2,]  0.5 -0.25> 1/k*solve(E)     [,1]  [,2][1,] -1.0  0.75[2,]  0.5 -0.25> #10.	乘积的逆的性质> solve(E%*%F)     [,1]  [,2][1,]  8.5 -5.75[2,] -5.5  3.75> solve(F)%*%solve(E)     [,1]  [,2][1,]  8.5 -5.75[2,] -5.5  3.75> #11.	复合运算的性质> solve(t(E))     [,1] [,2][1,] -2.0  1.0[2,]  1.5 -0.5> t(solve(E))     [,1] [,2][1,] -2.0  1.0[2,]  1.5 -0.5> #行列式有关：> #12.	矩阵行列式与其转置的行列式相等> det(E)[1] -2> det(t(E))[1] -2> #13.	对换任意两行（列），行列式变号> E[1:]=E[2:]Error: unexpected ']' in "E[1:]"> E[1,]=E[2,]> E     [,1] [,2][1,]    2    4[2,]    2    4> E1=E> E1     [,1] [,2][1,]    2    4[2,]    2    4> E1[2,]=c(1,3)> E1     [,1] [,2][1,]    2    4[2,]    1    3> det(E)[1] 0> #13.	对换任意两行（列），行列式变号> E=matrix(c(1,2,3,4),2,2)> E     [,1] [,2][1,]    1    3[2,]    2    4> E1=E> E[1,]=E1[2,]> E[2,]=E1[1,]> E     [,1] [,2][1,]    2    4[2,]    1    3> det(E1)[1] -2> det(E)[1] 2> 14.	如果行列式有两行（列）元素成比例，则行列式等0Error: unexpected symbol in "14.     如果行列式有两行"> #14.	如果行列式有两行（列）元素成比例，则行列式等于0> G=matrix(c(2,4,6,8,1,3,5,7),4,2,byrow=TRUE)> G     [,1] [,2][1,]    2    4[2,]    6    8[3,]    1    3[4,]    5    7> det(G)Error in determinant.matrix(x, logarithm = TRUE, ...) :   'x' must be a square matrix> G=matrix(c(2,4,1,2,6,8,2,4,1,3,5,7,1,1,1,1),4,4,byrow=TRUE)> G     [,1] [,2] [,3] [,4][1,]    2    4    1    2[2,]    6    8    2    4[3,]    1    3    5    7[4,]    1    1    1    1> det(G)[1] 16> G=matrix(c(2,4,1,2,4,8,2,4,1,3,5,7,1,1,1,1),4,4,byrow=TRUE)> det(G)[1] 0> #15.	行列式某一行（列）所有元素乘以k，则相当于行列式的值乘以k> View(`F`)> View(`F`)> F     [,1] [,2][1,]    3    5[2,]    4    6> F[1,]=2*F[1,]> F     [,1] [,2][1,]    6   10[2,]    4    6> #15.	行列式某一行（列）所有元素乘以k，则相当于行列式的值乘以k> F=matrix(c(3,4,5,6),2,2)> F     [,1] [,2][1,]    3    5[2,]    4    6> F1=F> F[1,]=2*F[1,]> F     [,1] [,2][1,]    6   10[2,]    4    6> det(F)[1] -4> det(F1)[1] -2> #16.	把行列式的某一行（列）乘以k然后加到另一行（列），行列式的值不变。> F2=F> F[1,]=F[1,]+2*F[2,]> F     [,1] [,2][1,]   14   22[2,]    4    6> det(F)[1] -4> det(F2)[1] -4> #秩有关：> #17.	迹等于特征根之和> a=diag(F)> tr(F)=a[1]+a[2]Error in tr(F) = a[1] + a[2] : could not find function "tr<-"> trF=a[1]+a[2]> eigen(F)eigen() decomposition$values[1] 20.198039 -0.198039$vectors          [,1]       [,2][1,] 0.9625307 -0.8402185[2,] 0.2711728  0.5422480> value=eigen(F)$values> b=value[1]+value[2]> b[1] 20> trF[1] 20> #秩有关：> #18.	r(A)=r(AT)> qr(A)$qr           [,1]      [,2]          [,3]          [,4][1,] -3.7416574 -8.552360 -1.336306e+01 -1.817376e+01[2,]  0.5345225  1.963961  3.927922e+00  5.891883e+00[3,]  0.8017837  0.988693  7.833689e-16  5.340261e-16$rank[1] 2$qraux[1] 1.267261e+00 1.149954e+00 7.833689e-16 5.340261e-16$pivot[1] 1 2 3 4attr(,"class")[1] "qr"> rank=qr(A)$rank> rank[1] 2> rank2=qr(t(A))$rank> rank2[1] 2> View(A)> View(A)> #19.	r(A+B)<=r(A)+r(B)> rankB=qr(B)$rank> rankA=rank> qr(A+B)$rank[1] 2> rankA+rankB[1] 4> rankC=qr(C)$rank> qr(B+C)$rank[1] 3> rankB+rankC[1] 5> qr(A+C)$rank[1] 3> rankA+rankC[1] 5> #特征值有关：> #20.	A矩阵特征值的积，等于A的行列式> detE=det(E)> valueE=eigen(E)$values> valueE[1]*valueE[2][1] 2> detE[1] 2> det(F)[1] -4> value[1]*value[2][1] -4