
R version 4.2.2 (2022-10-31) -- "Innocent and Trusting"
Copyright (C) 2022 The R Foundation for Statistical Computing
Platform: aarch64-apple-darwin20 (64-bit)

R is free software and comes with ABSOLUTELY NO WARRANTY.
You are welcome to redistribute it under certain conditions.
Type 'license()' or 'licence()' for distribution details.

  Natural language support but running in an English locale

R is a collaborative project with many contributors.
Type 'contributors()' for more information and
'citation()' on how to cite R or R packages in publications.

Type 'demo()' for some demos, 'help()' for on-line help, or
'help.start()' for an HTML browser interface to help.
Type 'q()' to quit R.

[R.app GUI 1.79 (8160) aarch64-apple-darwin20]

> seq(1,199)
  [1]   1   2   3   4   5   6   7   8   9  10  11  12  13  14  15  16  17  18  19  20  21  22  23  24  25  26  27  28  29  30  31  32  33  34  35  36  37  38  39  40  41  42  43  44  45  46
 [47]  47  48  49  50  51  52  53  54  55  56  57  58  59  60  61  62  63  64  65  66  67  68  69  70  71  72  73  74  75  76  77  78  79  80  81  82  83  84  85  86  87  88  89  90  91  92
 [93]  93  94  95  96  97  98  99 100 101 102 103 104 105 106 107 108 109 110 111 112 113 114 115 116 117 118 119 120 121 122 123 124 125 126 127 128 129 130 131 132 133 134 135 136 137 138
[139] 139 140 141 142 143 144 145 146 147 148 149 150 151 152 153 154 155 156 157 158 159 160 161 162 163 164 165 166 167 168 169 170 171 172 173 174 175 176 177 178 179 180 181 182 183 184
[185] 185 186 187 188 189 190 191 192 193 194 195 196 197 198 199
> seq(199,1)
  [1] 199 198 197 196 195 194 193 192 191 190 189 188 187 186 185 184 183 182 181 180 179 178 177 176 175 174 173 172 171 170 169 168 167 166 165 164 163 162 161 160 159 158 157 156 155 154
 [47] 153 152 151 150 149 148 147 146 145 144 143 142 141 140 139 138 137 136 135 134 133 132 131 130 129 128 127 126 125 124 123 122 121 120 119 118 117 116 115 114 113 112 111 110 109 108
 [93] 107 106 105 104 103 102 101 100  99  98  97  96  95  94  93  92  91  90  89  88  87  86  85  84  83  82  81  80  79  78  77  76  75  74  73  72  71  70  69  68  67  66  65  64  63  62
[139]  61  60  59  58  57  56  55  54  53  52  51  50  49  48  47  46  45  44  43  42  41  40  39  38  37  36  35  34  33  32  31  30  29  28  27  26  25  24  23  22  21  20  19  18  17  16
[185]  15  14  13  12  11  10   9   8   7   6   5   4   3   2   1
> seq(199,1,length.out=10)
 [1] 199 177 155 133 111  89  67  45  23   1
> seq(1,100,3)
 [1]   1   4   7  10  13  16  19  22  25  28  31  34  37  40  43  46  49  52  55  58  61  64  67  70  73  76  79  82  85  88  91  94  97 100
> x=c(1,2,3)
> x
[1] 1 2 3
> rep(10,5)
[1] 10 10 10 10 10
> rep(x,3)
[1] 1 2 3 1 2 3 1 2 3
> rep(x,each=5)
 [1] 1 1 1 1 1 2 2 2 2 2 3 3 3 3 3
> x=c(1,2,3,4,5)
> x^2
[1]  1  4  9 16 25
> x+5
[1]  6  7  8  9 10
> y=c(F,F,F,T,T)
> y
[1] FALSE FALSE FALSE  TRUE  TRUE
> x+y
[1] 1 2 3 5 6
> z=c(4,6,7,8,9)
> x+z
[1]  5  8 10 12 14
> x=c(x,99)
> x
[1]  1  2  3  4  5 99
> x+100
[1] 101 102 103 104 105 199
> k=c(200,400)
> k
[1] 200 400
> x+k
[1] 201 402 203 404 205 499
> x=c(1,2,3,4,5)
> x+k
[1] 201 402 203 404 205
Warning message:
In x + k : longer object length is not a multiple of shorter object length
> x[1]
[1] 1
> x[-1]
[1] 2 3 4 5
> x[length(x)]
[1] 5
> z='gshajihkk'
> z
[1] "gshajihkk"
> length(z)
[1] 1
> m=metrix(0,1,2)
Error in metrix(0, 1, 2) : could not find function "metrix"
> m=matrix(0,1,2)
> m
     [,1] [,2]
[1,]    0    0
> diag(5)
     [,1] [,2] [,3] [,4] [,5]
[1,]    1    0    0    0    0
[2,]    0    1    0    0    0
[3,]    0    0    1    0    0
[4,]    0    0    0    1    0
[5,]    0    0    0    0    1
> matrix(seq(12),3,4)
     [,1] [,2] [,3] [,4]
[1,]    1    4    7   10
[2,]    2    5    8   11
[3,]    3    6    9   12
> t(m)
     [,1]
[1,]    0
[2,]    0
> m[,1]
[1] 0
> m=matrix(seq(12),3,4)
> m
     [,1] [,2] [,3] [,4]
[1,]    1    4    7   10
[2,]    2    5    8   11
[3,]    3    6    9   12
> m[C(1,2),1]
Error in C(1, 2) : object not interpretable as a factor
> m[c(1,2),1]
[1] 1 2
> m[c(1,2),c(1,2)]
     [,1] [,2]
[1,]    1    4
[2,]    2    5
> n=matrix(seq(12),3,4,byrow=TRUE)
> n
     [,1] [,2] [,3] [,4]
[1,]    1    2    3    4
[2,]    5    6    7    8
[3,]    9   10   11   12
> m
     [,1] [,2] [,3] [,4]
[1,]    1    4    7   10
[2,]    2    5    8   11
[3,]    3    6    9   12
> m%*%t(n)
     [,1] [,2] [,3]
[1,]   70  158  246
[2,]   80  184  288
[3,]   90  210  330
> m*n
     [,1] [,2] [,3] [,4]
[1,]    1    8   21   40
[2,]   10   30   56   88
[3,]   27   60   99  144
> s=m%*%t(n)
> s
     [,1] [,2] [,3]
[1,]   70  158  246
[2,]   80  184  288
[3,]   90  210  330
> solve(s)
Error in solve.default(s) : 
  system is computationally singular: reciprocal condition number = 1.37065e-18
> eigen(s)
eigen() decomposition
$values
[1]  5.815237e+02  2.476253e+00 -2.459852e-14

$vectors
           [,1]       [,2]       [,3]
[1,] -0.4921067 -0.8843492  0.4082483
[2,] -0.5735116 -0.2428236 -0.8164966
[3,] -0.6549164  0.3987020  0.4082483

> diag(3)
     [,1] [,2] [,3]
[1,]    1    0    0
[2,]    0    1    0
[3,]    0    0    1
> ss=diag(3)+n
Error in diag(3) + n : non-conformable arrays
> ss=diag(3)+s
> ss
     [,1] [,2] [,3]
[1,]   71  158  246
[2,]   80  185  288
[3,]   90  210  331
> solve(ss)
            [,1]       [,2]         [,3]
[1,]  0.37283951 -0.3150617 -0.002962963
[2,] -0.27654321  0.6720988 -0.379259259
[3,]  0.07407407 -0.3407407  0.244444444
> ss=diag(3)*0.5+s
> ss
     [,1]  [,2]  [,3]
[1,] 70.5 158.0 246.0
[2,] 80.0 184.5 288.0
[3,] 90.0 210.0 330.5
> ss[1,]=5
> ss
     [,1]  [,2]  [,3]
[1,]    5   5.0   5.0
[2,]   80 184.5 288.0
[3,]   90 210.0 330.5
> m
     [,1] [,2] [,3] [,4]
[1,]    1    4    7   10
[2,]    2    5    8   11
[3,]    3    6    9   12
> n
     [,1] [,2] [,3] [,4]
[1,]    1    2    3    4
[2,]    5    6    7    8
[3,]    9   10   11   12
> rbind(m,n)
     [,1] [,2] [,3] [,4]
[1,]    1    4    7   10
[2,]    2    5    8   11
[3,]    3    6    9   12
[4,]    1    2    3    4
[5,]    5    6    7    8
[6,]    9   10   11   12
> cbind(m,n)
     [,1] [,2] [,3] [,4] [,5] [,6] [,7] [,8]
[1,]    1    4    7   10    1    2    3    4
[2,]    2    5    8   11    5    6    7    8
[3,]    3    6    9   12    9   10   11   12
> 